[latency] in128_out128: warmup...
[transformers] PyTorch was not found. Models won't be available and only tokenizers, configuration and file/data utilities can be used.
[latency] in128_out128: measuring 20 requests...
[latency] in128_out128: TTFT p50=0.014s p99=0.018s  E2E p50=0.275s  failed=0/20
[latency] in128_out256: warmup...
[latency] in128_out256: measuring 20 requests...
[latency] in128_out256: TTFT p50=0.013s p99=0.018s  E2E p50=0.537s  failed=0/20
[latency] in512_out128: warmup...
[latency] in512_out128: measuring 20 requests...
[latency] in512_out128: TTFT p50=0.013s p99=0.017s  E2E p50=0.272s  failed=0/20
[latency] in512_out256: warmup...
[latency] in512_out256: measuring 20 requests...
[latency] in512_out256: TTFT p50=0.014s p99=0.017s  E2E p50=0.534s  failed=0/20
[latency] in2048_out128: warmup...
[latency] in2048_out128: measuring 20 requests...
[latency] in2048_out128: TTFT p50=0.020s p99=0.029s  E2E p50=0.281s  failed=0/20
[latency] in2048_out256: warmup...
[latency] in2048_out256: measuring 20 requests...
[latency] in2048_out256: TTFT p50=0.021s p99=0.023s  E2E p50=0.546s  failed=0/20

Wrote /home/nvadmin/onerec-serving/results/sglang-tp8-bf16/bench_latency.json

$ /home/nvadmin/onerec-data/venv/bin/python3 /home/nvadmin/onerec-serving/bench/benchmark_client.py --mode latency --base-url http://localhost:8001 --run-name sglang-tp8-bf16 --engine sglang --output-dir /home/nvadmin/onerec-serving/results --tokenizer-path /home/nvadmin/onerec-data/models/OneRec-8B-pro --gpu-ids 0,1,2,3,4,5,6,7 --input-lens 128,512,2048 --output-lens 128,256 --repetitions 20 --warmup-requests 3
