[throughput] concurrency=1: warmup (10.0s)...
[transformers] PyTorch was not found. Models won't be available and only tokenizers, configuration and file/data utilities can be used.
[throughput] concurrency=1: measuring (45.0s)...
[throughput] concurrency=1: 207.6 tok/s  0.81 req/s  TTFT p50=0.142s  E2E p50=0.532s  failed=0
[throughput] concurrency=2: warmup (10.0s)...
[throughput] concurrency=2: measuring (45.0s)...
[throughput] concurrency=2: 351.5 tok/s  1.37 req/s  TTFT p50=0.799s  E2E p50=0.803s  failed=0
[throughput] concurrency=4: warmup (10.0s)...
[throughput] concurrency=4: measuring (45.0s)...
[throughput] concurrency=4: 382.9 tok/s  1.50 req/s  TTFT p50=2.082s  E2E p50=2.085s  failed=0
[throughput] concurrency=8: warmup (10.0s)...
[throughput] concurrency=8: measuring (45.0s)...
[throughput] concurrency=8: 407.6 tok/s  1.59 req/s  TTFT p50=4.658s  E2E p50=4.661s  failed=1  top_error='Server disconnected'x1
[throughput] concurrency=16: warmup (10.0s)...
[throughput] concurrency=16: measuring (45.0s)...
[throughput] concurrency=16: 287.0 tok/s  1.12 req/s  TTFT p50=4.767s  E2E p50=8.753s  failed=32  top_error='Server disconnected'x32
[throughput] concurrency=32: warmup (10.0s)...
[throughput] concurrency=32: measuring (45.0s)...
[throughput] concurrency=32: 358.5 tok/s  1.40 req/s  TTFT p50=2.198s  E2E p50=12.473s  failed=32  top_error='Server disconnected'x32
[throughput] concurrency=64: warmup (10.0s)...
[throughput] concurrency=64: measuring (45.0s)...
[throughput] concurrency=64: 443.5 tok/s  1.73 req/s  TTFT p50=2.340s  E2E p50=24.180s  failed=37  top_error='Server disconnected'x37
[throughput] concurrency=128: warmup (10.0s)...
[throughput] concurrency=128: measuring (45.0s)...
[throughput] concurrency=128: 562.4 tok/s  2.20 req/s  TTFT p50=0.331s  E2E p50=47.243s  failed=38  top_error='Server disconnected'x38
[throughput] concurrency=256: warmup (10.0s)...
[throughput] concurrency=256: measuring (45.0s)...
[throughput] concurrency=256: 622.8 tok/s  2.43 req/s  TTFT p50=1.155s  E2E p50=94.359s  failed=37  top_error='Server disconnected'x37

Wrote /home/nvadmin/onerec-serving/results/sglang-tp8-bf16/bench_throughput.json

$ /home/nvadmin/onerec-data/venv/bin/python3 /home/nvadmin/onerec-serving/bench/benchmark_client.py --mode throughput --base-url http://localhost:8001 --run-name sglang-tp8-bf16 --engine sglang --output-dir /home/nvadmin/onerec-serving/results --tokenizer-path /home/nvadmin/onerec-data/models/OneRec-8B-pro --gpu-ids 0,1,2,3,4,5,6,7 --concurrency-levels 1,2,4,8,16,32,64,128,256 --fixed-input-len 512 --fixed-output-len 256 --warmup-seconds 10 --measure-seconds 45
