[latency] in128_out128: warmup...
[transformers] PyTorch was not found. Models won't be available and only tokenizers, configuration and file/data utilities can be used.
[latency] in128_out128: measuring 20 requests...
[latency] in128_out128: TTFT p50=0.011s p99=0.013s  E2E p50=0.477s  failed=0/20
[latency] in128_out256: warmup...
[latency] in128_out256: measuring 20 requests...
[latency] in128_out256: TTFT p50=0.010s p99=0.011s  E2E p50=0.948s  failed=0/20
[latency] in512_out128: warmup...
[latency] in512_out128: measuring 20 requests...
[latency] in512_out128: TTFT p50=0.014s p99=0.014s  E2E p50=0.483s  failed=0/20
[latency] in512_out256: warmup...
[latency] in512_out256: measuring 20 requests...
[latency] in512_out256: TTFT p50=0.014s p99=0.015s  E2E p50=0.956s  failed=0/20
[latency] in2048_out128: warmup...
[latency] in2048_out128: measuring 20 requests...
[latency] in2048_out128: TTFT p50=0.032s p99=0.038s  E2E p50=0.511s  failed=0/20
[latency] in2048_out256: warmup...
[latency] in2048_out256: measuring 20 requests...
[latency] in2048_out256: TTFT p50=0.033s p99=0.034s  E2E p50=0.994s  failed=0/20

Wrote /home/nvadmin/onerec-serving/results/sglang-tp1-bf16/bench_latency.json

$ /home/nvadmin/onerec-data/venv/bin/python3 /home/nvadmin/onerec-serving/bench/benchmark_client.py --mode latency --base-url http://localhost:8001 --run-name sglang-tp1-bf16 --engine sglang --output-dir /home/nvadmin/onerec-serving/results --tokenizer-path /home/nvadmin/onerec-data/models/OneRec-8B-pro --gpu-ids 0 --input-lens 128,512,2048 --output-lens 128,256 --repetitions 20 --warmup-requests 3
