[throughput] concurrency=1: warmup (10.0s)...
[transformers] PyTorch was not found. Models won't be available and only tokenizers, configuration and file/data utilities can be used.
[throughput] concurrency=1: measuring (45.0s)...
[throughput] concurrency=1: 157.2 tok/s  0.61 req/s  TTFT p50=0.120s  E2E p50=0.955s  failed=0
[throughput] concurrency=2: warmup (10.0s)...
[throughput] concurrency=2: measuring (45.0s)...
[throughput] concurrency=2: 306.0 tok/s  1.20 req/s  TTFT p50=0.122s  E2E p50=0.973s  failed=0
[throughput] concurrency=4: warmup (10.0s)...
[throughput] concurrency=4: measuring (45.0s)...
[throughput] concurrency=4: 377.3 tok/s  1.47 req/s  TTFT p50=1.970s  E2E p50=2.074s  failed=0
[throughput] concurrency=8: warmup (10.0s)...
[throughput] concurrency=8: measuring (45.0s)...
[throughput] concurrency=8: 411.8 tok/s  1.61 req/s  TTFT p50=4.498s  E2E p50=4.543s  failed=1  top_error='Server disconnected'x1
[throughput] concurrency=16: warmup (10.0s)...
[throughput] concurrency=16: measuring (45.0s)...
[throughput] concurrency=16: 280.9 tok/s  1.10 req/s  TTFT p50=4.794s  E2E p50=9.170s  failed=32  top_error='Server disconnected'x32
[throughput] concurrency=32: warmup (10.0s)...
[throughput] concurrency=32: measuring (45.0s)...
[throughput] concurrency=32: 359.9 tok/s  1.41 req/s  TTFT p50=2.135s  E2E p50=12.665s  failed=32  top_error='Server disconnected'x32
[throughput] concurrency=64: warmup (10.0s)...
[throughput] concurrency=64: measuring (45.0s)...
[throughput] concurrency=64: 524.8 tok/s  2.05 req/s  TTFT p50=2.298s  E2E p50=25.661s  failed=23  top_error='Server disconnected'x23
[throughput] concurrency=128: warmup (10.0s)...
[throughput] concurrency=128: measuring (45.0s)...
[throughput] concurrency=128: 565.3 tok/s  2.21 req/s  TTFT p50=2.183s  E2E p50=47.283s  failed=38  top_error='Server disconnected'x38
[throughput] concurrency=256: warmup (10.0s)...
[throughput] concurrency=256: measuring (45.0s)...
[throughput] concurrency=256: 647.0 tok/s  2.53 req/s  TTFT p50=0.746s  E2E p50=90.865s  failed=35  top_error='Server disconnected'x35

Wrote /home/nvadmin/onerec-serving/results/sglang-tp1-bf16/bench_throughput.json

$ /home/nvadmin/onerec-data/venv/bin/python3 /home/nvadmin/onerec-serving/bench/benchmark_client.py --mode throughput --base-url http://localhost:8001 --run-name sglang-tp1-bf16 --engine sglang --output-dir /home/nvadmin/onerec-serving/results --tokenizer-path /home/nvadmin/onerec-data/models/OneRec-8B-pro --gpu-ids 0 --concurrency-levels 1,2,4,8,16,32,64,128,256 --fixed-input-len 512 --fixed-output-len 256 --warmup-seconds 10 --measure-seconds 45
