[throughput] concurrency=1: warmup (10.0s)...
[transformers] PyTorch was not found. Models won't be available and only tokenizers, configuration and file/data utilities can be used.
[throughput] concurrency=1: measuring (45.0s)...
[throughput] concurrency=1: 155.1 tok/s  0.61 req/s  TTFT p50=0.122s  E2E p50=1.003s  failed=0
[throughput] concurrency=2: warmup (10.0s)...
[throughput] concurrency=2: measuring (45.0s)...
[throughput] concurrency=2: 305.4 tok/s  1.19 req/s  TTFT p50=0.126s  E2E p50=1.020s  failed=0
[throughput] concurrency=4: warmup (10.0s)...
[throughput] concurrency=4: measuring (45.0s)...
[throughput] concurrency=4: 388.7 tok/s  1.52 req/s  TTFT p50=1.862s  E2E p50=2.003s  failed=0
[throughput] concurrency=8: warmup (10.0s)...
[throughput] concurrency=8: measuring (45.0s)...
[throughput] concurrency=8: 416.2 tok/s  1.63 req/s  TTFT p50=4.411s  E2E p50=4.458s  failed=1
[throughput] concurrency=16: warmup (10.0s)...
[throughput] concurrency=16: measuring (45.0s)...
[throughput] concurrency=16: 292.9 tok/s  1.14 req/s  TTFT p50=4.607s  E2E p50=9.068s  failed=32
[throughput] concurrency=32: warmup (10.0s)...
[throughput] concurrency=32: measuring (45.0s)...
[throughput] concurrency=32: 318.4 tok/s  1.24 req/s  TTFT p50=5.582s  E2E p50=16.175s  failed=48
[throughput] concurrency=64: warmup (10.0s)...
[throughput] concurrency=64: measuring (45.0s)...
[throughput] concurrency=64: 525.2 tok/s  2.05 req/s  TTFT p50=2.600s  E2E p50=25.975s  failed=24
[throughput] concurrency=128: warmup (10.0s)...
[throughput] concurrency=128: measuring (45.0s)...
[throughput] concurrency=128: 582.7 tok/s  2.28 req/s  TTFT p50=0.168s  E2E p50=47.960s  failed=46
[throughput] concurrency=256: warmup (10.0s)...
[throughput] concurrency=256: measuring (45.0s)...
[throughput] concurrency=256: 657.6 tok/s  2.57 req/s  TTFT p50=0.394s  E2E p50=84.939s  failed=46

Wrote /home/nvadmin/onerec-serving/results/trtllm-tp1-bf16/bench_throughput.json

$ /home/nvadmin/onerec-data/venv/bin/python3 /home/nvadmin/onerec-serving/bench/benchmark_client.py --mode throughput --base-url http://localhost:8002 --run-name trtllm-tp1-bf16 --engine trtllm --output-dir /home/nvadmin/onerec-serving/results --tokenizer-path /home/nvadmin/onerec-data/models/OneRec-8B-pro --gpu-ids 0 --concurrency-levels 1,2,4,8,16,32,64,128,256 --fixed-input-len 512 --fixed-output-len 256 --warmup-seconds 10 --measure-seconds 45
