[latency] in128_out128: warmup...
[transformers] PyTorch was not found. Models won't be available and only tokenizers, configuration and file/data utilities can be used.
[latency] in128_out128: measuring 20 requests...
[latency] in128_out128: TTFT p50=0.023s p99=0.029s  E2E p50=0.509s  failed=0/20
[latency] in128_out256: warmup...
[latency] in128_out256: measuring 20 requests...
[latency] in128_out256: TTFT p50=0.023s p99=0.028s  E2E p50=0.999s  failed=0/20
[latency] in512_out128: warmup...
[latency] in512_out128: measuring 20 requests...
[latency] in512_out128: TTFT p50=0.023s p99=0.029s  E2E p50=0.511s  failed=0/20
[latency] in512_out256: warmup...
[latency] in512_out256: measuring 20 requests...
[latency] in512_out256: TTFT p50=0.023s p99=0.026s  E2E p50=1.003s  failed=0/20
[latency] in2048_out128: warmup...
[latency] in2048_out128: measuring 20 requests...
[latency] in2048_out128: TTFT p50=0.032s p99=0.034s  E2E p50=0.529s  failed=0/20
[latency] in2048_out256: warmup...
[latency] in2048_out256: measuring 20 requests...
[latency] in2048_out256: TTFT p50=0.032s p99=0.033s  E2E p50=1.030s  failed=0/20

Wrote /home/nvadmin/onerec-serving/results/trtllm-tp1-bf16/bench_latency.json

$ /home/nvadmin/onerec-data/venv/bin/python3 /home/nvadmin/onerec-serving/bench/benchmark_client.py --mode latency --base-url http://localhost:8002 --run-name trtllm-tp1-bf16 --engine trtllm --output-dir /home/nvadmin/onerec-serving/results --tokenizer-path /home/nvadmin/onerec-data/models/OneRec-8B-pro --gpu-ids 0 --input-lens 128,512,2048 --output-lens 128,256 --repetitions 20 --warmup-requests 3
